Read newline-delimited MCP JSON-RPC messages from stdin, forward each to the
configured platform runtime route over Streamable HTTP, and write the JSON-RPC
responses back to stdout. Designed for IDE-style MCP clients (e.g. Cursor,
Claude Desktop) that launch an MCP server as a subprocess.

Configure identity via flags or the matching MCP_RUNTIME_* environment
variables. Flags win when both are set.

Usage:
  mcp-runtime adapter stdio [flags]

Flags:
      --agent-id string            Issued agent identity (default: $MCP_RUNTIME_AGENT_ID)
      --anonymous                  Forward to the runtime without a session or issued identity (public/read-only routes); only methods in --anonymous-methods are forwarded (default: $MCP_RUNTIME_ANONYMOUS)
      --anonymous-methods string   Comma-separated list of MCP methods allowed in anonymous mode (default: $MCP_RUNTIME_ANONYMOUS_METHODS or initialize,notifications/initialized,ping,tools/list,resources/list,prompts/list)
      --auth-header string         Static Authorization header value for runtime requests, e.g. "Bearer <token>" (default: $MCP_RUNTIME_AUTH_HEADER)
  -h, --help                       help for stdio
      --host-header string         Override the Host header sent to the runtime (default: $MCP_RUNTIME_HOST_HEADER)
      --human-id string            Issued human identity (default: $MCP_RUNTIME_HUMAN_ID)
      --log-level string           Adapter log level: info logs runtime denials (default: $MCP_RUNTIME_LOG_LEVEL)
      --no-xforwarded              Do not set X-Forwarded-* headers when forwarding to the runtime
      --protocol-version string    MCP protocol version header to advertise (default: $MCP_RUNTIME_PROTOCOL_VERSION or 2025-06-18)
      --request-timeout string     HTTP request timeout for adapter→runtime calls, e.g. 30s (default: $MCP_RUNTIME_REQUEST_TIMEOUT)
      --runtime-url string         Platform-issued absolute MCP runtime URL (default: $MCP_RUNTIME_URL)
      --session-id string          Issued agent session identity (default: $MCP_RUNTIME_SESSION_ID)
      --team-id string             Issued team identity for team-scoped grants (default: $MCP_RUNTIME_TEAM_ID)
      --tls-ca-bundle string       Path to PEM CA bundle to verify the runtime's TLS certificate (default: $MCP_RUNTIME_TLS_CA_BUNDLE)
      --tls-client-cert string     Path to PEM client certificate for mTLS to the runtime (default: $MCP_RUNTIME_TLS_CLIENT_CERT)
      --tls-client-key string      Path to PEM client key for mTLS to the runtime (default: $MCP_RUNTIME_TLS_CLIENT_KEY)
      --tools-cache-ttl string     Cache tools/list responses for this duration, e.g. 30s. Empty disables the cache. (default: $MCP_RUNTIME_TOOLS_CACHE_TTL)

Global Flags:
      --debug   Enable debug mode with structured error logging
