Save a local image and push it to the platform registry through the platform API. Requires `mcp-runtime auth login` or MCP_PLATFORM_API_TOKEN plus MCP_PLATFORM_API_URL.

Usage:
  mcp-runtime registry push [flags]

Flags:
  -h, --help           help for push
      --image string   Local image to push (required)
      --name string    Override target repo/name (default: source name without registry)
      --scope string   Publish scope: tenant, org, or public

Global Flags:
      --debug   Enable debug mode with structured error logging
