Apply ClusterIssuer and registry Certificate manifests

Usage:
  mcp-runtime cluster cert apply [flags]

Flags:
      --dry-run   Run preflight checks and print the resources that would be applied without modifying the cluster
  -h, --help      help for apply

Global Flags:
      --debug   Enable debug mode with structured error logging
