Initialize .mcp/servers.yaml metadata for a server. Use --tool flags to seed governed tool metadata, or --from-server to discover tools from a running MCP server automatically. Then build, push, and deploy with server build image, registry push, and server deploy.

Usage:
  mcp-runtime server init [name] [flags]

Flags:
      --default-decision string   Default policy decision: allow or deny (default "deny")
      --force                     Replace an existing metadata entry with the same server name
      --from-server string        Discover tools by calling tools/list on a running MCP server at this URL (e.g. http://localhost:8088); discovered names are merged with --tool flags
  -h, --help                      help for init
      --image string              Container image repository (default: server name)
      --metadata-dir string       Directory where servers.yaml will be written (default ".mcp")
      --policy-mode string        Policy mode: allow-list or observe (default "allow-list")
      --port int32                Container port (default 8088)
      --scope string              Publish scope: tenant, org, or public (default "tenant")
      --session-required          Require adapter-issued agent sessions (default true)
      --tag string                Container image tag (default "latest")
      --tool stringArray          Tool name to add with read side-effect metadata; repeat for multiple tools
      --tool-risk string          Informational risk level for seeded tools: low, medium, or high
      --tool-spec stringArray     Tool metadata as name:low|medium|high:read|write|destructive; repeat for mixed trust or side effects

Global Flags:
      --debug      Enable debug mode with structured error logging
      --use-kube   Use direct Kubernetes mode with kubectl; requires admin/operator cluster access (admin/dev/test only)
