Run pre-setup checks for Kubernetes nodes, storage, ingress, public DNS, TLS, and cluster prerequisites before installing MCP Runtime. See docs/cluster-readiness.md for the full checklist.

Usage:
  mcp-runtime cluster doctor [flags]

Flags:
  -h, --help   help for doctor

Global Flags:
      --debug   Enable debug mode with structured error logging
