Commands for managing MCP server deployments.

With mcp-runtime auth login, supported commands use the platform API by default
for normal user and admin workflows. Use --use-kube only for admin/dev/test
direct Kubernetes operations; it requires kubectl plus admin/operator kubeconfig
and RBAC access.

Create, apply, export, patch, and logs are direct Kubernetes operations and
require --use-kube. For platform workflows, use mcp-runtime auth login
--api-url <platform-url> and platform-backed commands such as list, deploy,
delete, status, and policy.

For building images from source, use 'server build'.
For pushing images, use 'registry push'.

Usage:
  mcp-runtime server [command]

Available Commands:
  apply       Apply an MCP server manifest
  build       Build MCP server images (push via `registry push`)
  create      Create an MCP server
  delete      Delete an MCP server
  deploy      Deploy an MCP server through the platform API
  export      Export an MCP server manifest
  generate    Generate MCPServer manifests from .mcp metadata
  get         Get MCP server details
  init        Initialize .mcp metadata for a server
  list        List MCP servers
  logs        View server logs
  patch       Patch an MCP server manifest
  policy      Inspect rendered gateway policy for an MCP server
  status      Show MCP server runtime status (pods, images, pull secrets)

Flags:
  -h, --help       help for server
      --use-kube   Use direct Kubernetes mode with kubectl; requires admin/operator cluster access (admin/dev/test only)

Global Flags:
      --debug   Enable debug mode with structured error logging

Use "mcp-runtime server [command] --help" for more information about a command.
